// Jest Snapshot v1, https://goo.gl/fbAQLP

exports[`Given a CryingLogo component should render correctly 1`] = `"<div class=\\"crying-logo\\"><div class=\\"crying crying-1\\"></div><div class=\\"crying crying-2 to-shift\\"></div><div class=\\"crying crying-3\\"></div><div class=\\"crying crying-4 to-shift\\"></div><div class=\\"crying crying-5\\"></div></div>"`;
